Microchip MPLAB XC8 Compiler V2.46

Linker command line:

-W-3 \
  --edf=C:\Program Files\Microchip\xc8\v2.46\pic\dat\20240104201356_en.msgs \
  -cn -h+dist/default/production\ENV_ESCLAVO.X.production.sym \
  --cmf=dist/default/production\ENV_ESCLAVO.X.production.cmf -z -Q16F873A \
  -oC:\Users\emanu\AppData\Local\Temp\xcAs6a0.\driver_tmp_3.o \
  --defsym=__MPLAB_BUILD=1 --fixupoverflow=error \
  -Mdist/default/production/ENV_ESCLAVO.X.production.map \
  --md=C:\Users\emanu\AppData\Local\Temp\xcAs6a0.\driver_tmp_0.dat -E1 \
  -ver=XC8 Compiler --acfsm=1493 -ACODE=00h-07FFhx2 -ASTRCODE=00h-0FFFh \
  -ASTRING=00h-0FFhx16 -ACONST=00h-0FFhx16 -AENTRY=00h-0FFhx16 \
  -ABANK0=020h-07Dh -ABANK1=0A0h-0FDh -ARAM=020h-07Dh,0A0h-0FDh \
  -AABS1=020h-07Fh,0A0h-0FFh -ACOMMON=07Eh-07Fh -ASFR0=00h-01Fh \
  -ASFR1=080h-09Fh -ASFR2=0100h-017Dh -ASFR3=0180h-01FDh \
  -ACONFIG=02007h-02007h -DCONFIG=2 -AIDLOC=02000h-02003h -DIDLOC=2 \
  -AEEDATA=00h-07Fh/02100h -peeprom_data=EEDATA -DEEDATA=2 -DCODE=2 \
  -DSTRCODE=2 -DSTRING=2 -DCONST=2 -DENTRY=2 \
  -preset_vec=00h,intentry=04h,sivt,init,end_init -ppowerup=CODE \
  -pcinit=CODE -pfunctab=ENTRY -k \
  C:\Users\emanu\AppData\Local\Temp\xcAs6a0.\driver_tmp_12.o \
  dist/default/production\ENV_ESCLAVO.X.production.o 

Object code version is 3.11

Machine type is 16F873A



                Name                               Link     Load   Length Selector   Space Scale
C:\Users\emanu\AppData\Local\Temp\xcAs6a0.\driver_tmp_12.o
                end_init                             11       11        2        8       0
                reset_vec                             0        0        2        0       0
                config                             2007     2007        1        0       4
dist/default/production\ENV_ESCLAVO.X.production.o
                cinit                                13       13       14        8       0
                intentry                              4        4        D        8       0
                config                             2007     2007        1        0       4
                text29                              4D0      4D0       68        8       0
                text28                              6C3      6C3       33      B16       0
                text27                              7E1      7E1       17      B16       0
                text26                              FCC      FCC       10     1F98       0
                text25                              7CA      7CA       17      B16       0
                text24                              73E      73E       22      B16       0
                text23                              780      780       1C      B16       0
                text22                              26E      26E       BB        8       0
                text21                              7B3      7B3       17      B16       0
                text20                              FDC      FDC       10     1FB8       0
                text19                              58B      58B       4D      B16       0
                text18                              79C      79C       17      B16       0
                text17                              71C      71C       22      B16       0
                text16                              760      760       20      B16       0
                text15                              F99      F99        4     1F32       0
                text14                              458      458       78        8       0
                text13                              617      617       3F      B16       0
                text12                              FBF      FBF        D     1F7E       0
                text11                              F9D      F9D        7     1F3A       0
                text10                              FA4      FA4        7     1F48       0
                text9                               FB4      FB4        B     1F68       0
                text8                               FEC      FEC       14     1FD8       0
                text7                               5D8      5D8       3F      B16       0
                text6                               656      656       37      B16       0
                text5                               3D4      3D4       84        8       0
                text4                               6F6      6F6       26      B16       0
                text3                                27       27      247        8       0
                text2                               FAB      FAB        9     1F56       0
                text1                               329      329       AB        8       0
                maintext                            68D      68D       36      B16       0
                cstackBANK0                          20       20       23       20       1
                cstackBANK1                          A0       A0       1D       A0       1
                clrtext                             7F8      7F8        8      B16       0
                bssBANK1                             BD       BD       10       A0       1
                dataBANK0                            5F       5F        1       20       1
                bssBANK0                             43       43       1C       20       1
                strings                             538      538       53      A70       0
                idataBANK0                            3        3        1        6       0

TOTAL           Name                               Link     Load   Length     Space
        CLASS   CODE           
                end_init                             11       11        2         0
                cinit                                13       13       14         0
                intentry                              4        4        D         0
                reset_vec                             0        0        2         0
                text29                              4D0      4D0       68         0
                text28                              6C3      6C3       33         0
                text27                              7E1      7E1       17         0
                text26                              FCC      FCC       10         0
                text25                              7CA      7CA       17         0
                text24                              73E      73E       22         0
                text23                              780      780       1C         0
                text22                              26E      26E       BB         0
                text21                              7B3      7B3       17         0
                text20                              FDC      FDC       10         0
                text19                              58B      58B       4D         0
                text18                              79C      79C       17         0
                text17                              71C      71C       22         0
                text16                              760      760       20         0
                text15                              F99      F99        4         0
                text14                              458      458       78         0
                text13                              617      617       3F         0
                text12                              FBF      FBF        D         0
                text11                              F9D      F9D        7         0
                text10                              FA4      FA4        7         0
                text9                               FB4      FB4        B         0
                text8                               FEC      FEC       14         0
                text7                               5D8      5D8       3F         0
                text6                               656      656       37         0
                text5                               3D4      3D4       84         0
                text4                               6F6      6F6       26         0
                text3                                27       27      247         0
                text2                               FAB      FAB        9         0
                text1                               329      329       AB         0
                maintext                            68D      68D       36         0
                clrtext                             7F8      7F8        8         0
                idataBANK0                            3        3        1         0

        CLASS   STRCODE        

        CLASS   STRING         
                strings                             538      538       53         0

        CLASS   CONST          

        CLASS   ENTRY          

        CLASS   BANK0          
                cstackBANK0                          20       20       23         1
                dataBANK0                            5F       5F        1         1
                bssBANK0                             43       43       1C         1

        CLASS   BANK1          
                cstackBANK1                          A0       A0       1D         1
                bssBANK1                             BD       BD       10         1

        CLASS   RAM            

        CLASS   ABS1           
                abs_s1                               7E       7E        2         1

        CLASS   COMMON         

        CLASS   SFR0           

        CLASS   SFR1           

        CLASS   SFR2           

        CLASS   SFR3           

        CLASS   CONFIG         
                config                             2007     2007        1         4

        CLASS   IDLOC          

        CLASS   EEDATA         

        CLASS   BANK3          

        CLASS   BANK2          

        CLASS   HEAP           

        CLASS   STACK          



SEGMENTS        Name                           Load    Length   Top    Selector   Space  Class     Delta

                reset_vec                      000000  000002  000002         0       0  CODE        2
                idataBANK0                     000003  000001  000004         6       0  CODE        2
                intentry                       000004  000534  000538         8       0  CODE        2
                cstackBANK0                    000020  000040  000060        20       1  BANK0       1
                cstackBANK1                    0000A0  00002D  0000CD        A0       1  BANK1       1
                strings                        000538  000053  00058B       A70       0  STRING      2
                text19                         00058B  000275  000800       B16       0  CODE        2
                text15                         000F99  000004  000F9D      1F32       0  CODE        2
                text11                         000F9D  000007  000FA4      1F3A       0  CODE        2
                text10                         000FA4  000007  000FAB      1F48       0  CODE        2
                text2                          000FAB  000009  000FB4      1F56       0  CODE        2
                text9                          000FB4  00000B  000FBF      1F68       0  CODE        2
                text12                         000FBF  00000D  000FCC      1F7E       0  CODE        2
                text26                         000FCC  000010  000FDC      1F98       0  CODE        2
                text20                         000FDC  000010  000FEC      1FB8       0  CODE        2
                text8                          000FEC  000014  001000      1FD8       0  CODE        2


UNUSED ADDRESS RANGES

        Name                Unused          Largest block    Delta
        BANK0            0060-007D             1E           1
        BANK1            00CD-00FD             31           1
        CODE             0002-0002              1           2
                         0800-0F98            799
        CONST            0002-0002              1           2
                         0800-0F98            100
        EEDATA           2100-217F             80           2
        ENTRY            0002-0002              1           2
                         0800-0F98            100
        IDLOC            2000-2003              4           2
        RAM              0060-007D             1E           1
                         00CD-00FD             31
        SFR0             0000-001F             20           1
        SFR1             0080-009F             20           1
        SFR2             0100-017D             7E           1
        SFR3             0180-01FD             7E           1
        STRCODE          0002-0002              1           2
                         0800-0F98            799
        STRING           0002-0002              1           2
                         0800-0F98            100

                                  Symbol Table

?___lldiv                       cstackBANK1  00A0
?___wmul                        cstackBANK0  003E
?_atoi                          cstackBANK1  00A2
?i1___lldiv                     cstackBANK0  0020
Handle_Keypress@asciiCode       cstackBANK1  00B5
Handle_Keypress@i               cstackBANK1  00B9
Handle_Keypress@i_298           cstackBANK1  00BA
Handle_Keypress@i_301           cstackBANK1  00B7
Handle_Keypress@key             cstackBANK1  00BB
I2C_Master_Init@c               cstackBANK0  003F
I2C_Master_Write@data           cstackBANK0  003E
I2C_Slave_Init@address          cstackBANK0  003E
ISR@index                       bssBANK0     0043
ISR@receiveBuffer               bssBANK1     00BD
ISR@temp                        cstackBANK0  003D
LCD_command@command             cstackBANK0  0040
LCD_data@data                   cstackBANK0  0040
LCD_print@string                cstackBANK0  0041
LCD_setCursor@column            cstackBANK0  0041
LCD_setCursor@position          cstackBANK1  00A3
LCD_setCursor@row               cstackBANK1  00A0
Read_Keypad@col                 cstackBANK1  00A2
Read_Keypad@row                 cstackBANK1  00A0
Send_Message_To_Master@message  cstackBANK1  00B1
_ADCON1                         (abs)        009F
_GIE                            (abs)        005F
_Handle_Keypress                text3        0027
_I2C_Master_Init                text13       0617
_I2C_Master_Start               text11       0F9D
_I2C_Master_Stop                text10       0FA4
_I2C_Master_Wait                text12       0FBF
_I2C_Master_Write               text9        0FB4
_I2C_Slave_Init                 text8        0FEC
_ISR                            text22       026E
_LCD_clear                      text20       0FDC
_LCD_command                    text21       07B3
_LCD_data                       text18       079C
_LCD_init                       text19       058B
_LCD_print                      text17       071C
_LCD_setCursor                  text16       0760
_LCD_setCursor$339              cstackBANK1  00A1
_PEIE                           (abs)        005E
_PEN                            (abs)        048A
_PORTAbits                      (abs)        0005
_PORTB                          (abs)        0006
_Prepare_Keypad_Pins            text2        0FAB
_Prepare_LCD_Pins               text15       0F99
_RA0                            (abs)        0028
_RA1                            (abs)        0029
_RA2                            (abs)        002A
_Read_Keypad                    text1        0329
_SEN                            (abs)        0488
_SSPADD                         (abs)        0093
_SSPBUF                         (abs)        0013
_SSPCON                         (abs)        0014
_SSPCON2                        (abs)        0091
_SSPCONbits                     (abs)        0014
_SSPIE                          (abs)        0463
_SSPIF                          (abs)        0063
_SSPSTAT                        (abs)        0094
_SSPSTATbits                    (abs)        0094
_Send_Message_To_Master         text7        05D8
_TRISA                          (abs)        0085
_TRISAbits                      (abs)        0085
_TRISB                          (abs)        0086
_TRISC3                         (abs)        043B
_TRISC4                         (abs)        043C
__H__absolute__                 __absolute__ 0000
__Habs1                         abs1         0000
__Hbank0                        bank0        0000
__Hbank1                        bank1        0000
__Hbank2                        bank2        0000
__Hbank3                        bank3        0000
__HbssBANK0                     bssBANK0     0000
__HbssBANK1                     bssBANK1     0000
__Hcinit                        cinit        0027
__Hclrtext                      clrtext      0000
__Hcode                         code         0000
__Hcommon                       common       0000
__Hconfig                       config       2008
__HcstackBANK0                  cstackBANK0  0000
__HcstackBANK1                  cstackBANK1  0000
__HcstackCOMMON                 cstackCOMMON 0000
__HdataBANK0                    dataBANK0    0000
__Heeprom_data                  eeprom_data  0000
__Hend_init                     end_init     0013
__Hfunctab                      functab      0000
__Hheap                         heap         0000
__HidataBANK0                   idataBANK0   0000
__Hinit                         init         0011
__Hintentry                     intentry     0011
__Hmaintext                     maintext     0000
__Hpowerup                      powerup      0000
__Hram                          ram          0000
__Hreset_vec                    reset_vec    0002
__Hsfr0                         sfr0         0000
__Hsfr1                         sfr1         0000
__Hsfr2                         sfr2         0000
__Hsfr3                         sfr3         0000
__Hsivt                         sivt         0011
__Hspace_0                      (abs)        1000
__Hspace_1                      (abs)        00CD
__Hspace_2                      (abs)        0000
__Hspace_3                      (abs)        0000
__Hspace_4                      (abs)        400F
__Hstack                        stack        0000
__Hstrings                      strings      0000
__Htext                         text         0000
__L__absolute__                 __absolute__ 0000
__Labs1                         abs1         0000
__Lbank0                        bank0        0000
__Lbank1                        bank1        0000
__Lbank2                        bank2        0000
__Lbank3                        bank3        0000
__LbssBANK0                     bssBANK0     0000
__LbssBANK1                     bssBANK1     0000
__Lcinit                        cinit        0013
__Lclrtext                      clrtext      0000
__Lcode                         code         0000
__Lcommon                       common       0000
__Lconfig                       config       0000
__LcstackBANK0                  cstackBANK0  0000
__LcstackBANK1                  cstackBANK1  0000
__LcstackCOMMON                 cstackCOMMON 0000
__LdataBANK0                    dataBANK0    0000
__Leeprom_data                  eeprom_data  0000
__Lend_init                     end_init     0011
__Lfunctab                      functab      0000
__Lheap                         heap         0000
__LidataBANK0                   idataBANK0   0000
__Linit                         init         0011
__Lintentry                     intentry     0004
__Lmaintext                     maintext     0000
__Lpowerup                      powerup      0000
__Lram                          ram          0000
__Lreset_vec                    reset_vec    0000
__Lsfr0                         sfr0         0000
__Lsfr1                         sfr1         0000
__Lsfr2                         sfr2         0000
__Lsfr3                         sfr3         0000
__Lsivt                         sivt         0011
__Lspace_0                      (abs)        0000
__Lspace_1                      (abs)        0000
__Lspace_2                      (abs)        0000
__Lspace_3                      (abs)        0000
__Lspace_4                      (abs)        0000
__Lstack                        stack        0000
__Lstrings                      strings      0000
__Ltext                         text         0000
__S0                            (abs)        1000
__S1                            (abs)        00CD
__S3                            (abs)        0000
___heap_hi                      (abs)        0000
___heap_lo                      (abs)        0000
___int_sp                       stack        0000
___int_stack_hi                 stack        0000
___int_stack_lo                 stack        0000
___latbits                      (abs)        0001
___lldiv                        text14       0458
___lldiv@counter                cstackBANK1  00AC
___lldiv@dividend               cstackBANK1  00A4
___lldiv@divisor                cstackBANK1  00A0
___lldiv@quotient               cstackBANK1  00A8
___sp                           stack        0000
___stack_hi                     stack        0000
___stack_lo                     stack        0000
___stackhi                      (abs)        0000
___stacklo                      (abs)        0000
___wmul                         text6        0656
___wmul@multiplicand            cstackBANK0  0040
___wmul@multiplier              cstackBANK0  003E
___wmul@product                 cstackBANK1  00A0
__end_of_Handle_Keypress        text3        026E
__end_of_I2C_Master_Init        text13       0656
__end_of_I2C_Master_Start       text11       0FA4
__end_of_I2C_Master_Stop        text10       0FAB
__end_of_I2C_Master_Wait        text12       0FCC
__end_of_I2C_Master_Write       text9        0FBF
__end_of_I2C_Slave_Init         text8        1000
__end_of_ISR                    text22       0329
__end_of_LCD_clear              text20       0FEC
__end_of_LCD_command            text21       07CA
__end_of_LCD_data               text18       07B3
__end_of_LCD_init               text19       05D8
__end_of_LCD_print              text17       073E
__end_of_LCD_setCursor          text16       0780
__end_of_Prepare_Keypad_Pins    text2        0FB4
__end_of_Prepare_LCD_Pins       text15       0F9D
__end_of_Read_Keypad            text1        03D4
__end_of_Send_Message_To_Master text7        0617
__end_of___lldiv                text14       04D0
__end_of___wmul                 text6        068D
__end_of__initialization        cinit        0024
__end_of__stringtab             strings      0548
__end_of_atoi                   text5        0458
__end_of_main                   maintext     06C3
__end_of_memset                 text4        071C
__end_of_teclas                 strings      0558
__end_ofi1_I2C_Master_Init      text28       06F6
__end_ofi1_LCD_clear            text26       0FDC
__end_ofi1_LCD_command          text27       07F8
__end_ofi1_LCD_data             text25       07E1
__end_ofi1_LCD_print            text24       0760
__end_ofi1_LCD_setCursor        text23       079C
__end_ofi1___lldiv              text29       0538
__initialization                cinit        0013
__pbssBANK0                     bssBANK0     0043
__pbssBANK1                     bssBANK1     00BD
__pcstackBANK0                  cstackBANK0  0020
__pcstackBANK1                  cstackBANK1  00A0
__pcstackCOMMON                 cstackCOMMON 0000
__pdataBANK0                    dataBANK0    005F
__pidataBANK0                   idataBANK0   0003
__pintentry                     intentry     0004
__pmaintext                     maintext     068D
__pstrings                      strings      0538
__ptext1                        text1        0329
__ptext10                       text10       0FA4
__ptext11                       text11       0F9D
__ptext12                       text12       0FBF
__ptext13                       text13       0617
__ptext14                       text14       0458
__ptext15                       text15       0F99
__ptext16                       text16       0760
__ptext17                       text17       071C
__ptext18                       text18       079C
__ptext19                       text19       058B
__ptext2                        text2        0FAB
__ptext20                       text20       0FDC
__ptext21                       text21       07B3
__ptext22                       text22       026E
__ptext23                       text23       0780
__ptext24                       text24       073E
__ptext25                       text25       07CA
__ptext26                       text26       0FCC
__ptext27                       text27       07E1
__ptext28                       text28       06C3
__ptext29                       text29       04D0
__ptext3                        text3        0027
__ptext4                        text4        06F6
__ptext5                        text5        03D4
__ptext6                        text6        0656
__ptext7                        text7        05D8
__ptext8                        text8        0FEC
__ptext9                        text9        0FB4
__stringbase                    strings      0547
__stringtab                     strings      0538
_allow_input                    bssBANK0     0047
_asciiDigits                    bssBANK0     0049
_asciiMode                      bssBANK0     004A
_asciiValue                     bssBANK0     005B
_atoi                           text5        03D4
_charCount                      bssBANK0     0045
_cursorPosition                 bssBANK0     0048
_displayString                  bssBANK0     004B
_i2c_role                       dataBANK0    005F
_main                           maintext     068D
_memset                         text4        06F6
_teclas                         strings      0548
atoi@n                          cstackBANK1  00A7
atoi@neg                        cstackBANK1  00A6
atoi@s                          cstackBANK1  00A9
btemp                           (abs)        007E
clear_ram0                      clrtext      07F8
end_of_initialization           cinit        0024
i1I2C_Master_Init@c             cstackBANK0  002E
i1LCD_command@command           cstackBANK0  0022
i1LCD_data@data                 cstackBANK0  0022
i1LCD_print@string              cstackBANK0  0023
i1LCD_setCursor@column          cstackBANK0  0023
i1LCD_setCursor@position        cstackBANK0  0027
i1LCD_setCursor@row             cstackBANK0  0024
i1_I2C_Master_Init              text28       06C3
i1_LCD_clear                    text26       0FCC
i1_LCD_command                  text27       07E1
i1_LCD_data                     text25       07CA
i1_LCD_print                    text24       073E
i1_LCD_setCursor                text23       0780
i1_LCD_setCursor$339            cstackBANK0  0025
i1___lldiv                      text29       04D0
i1___lldiv@counter              cstackBANK0  002D
i1___lldiv@dividend             cstackBANK0  0024
i1___lldiv@divisor              cstackBANK0  0020
i1___lldiv@quotient             cstackBANK0  0029
interrupt_function              intentry     0004
intlevel0                       functab      0000
intlevel1                       functab      0000
intlevel2                       functab      0000
intlevel3                       functab      0000
intlevel4                       functab      0000
intlevel5                       functab      0000
main@key                        cstackBANK1  00BC
memset@c                        cstackBANK0  003E
memset@dest                     cstackBANK1  00A0
memset@n                        cstackBANK0  0040
memset@p                        cstackBANK1  00A1
reset_vec                       reset_vec    0000
saved_w                         (abs)        007E
start                           init         0011
start_initialization            cinit        0013
wtemp0                          (abs)        007E


MODULE INFORMATION

Module		Function		Class		Link	Load	Size
C:\Program Files\Microchip\xc8\v2.46\pic\sources\c99\common\memset.c
		_memset        		CODE           	06F6	0000	38

C:\Program Files\Microchip\xc8\v2.46\pic\sources\c99\common\memset.c estimated size: 38

C:\Program Files\Microchip\xc8\v2.46\pic\sources\c99\common\atoi.c
		_atoi          		CODE           	03D4	0000	132

C:\Program Files\Microchip\xc8\v2.46\pic\sources\c99\common\atoi.c estimated size: 132

shared
		__stringtab    		STRING         	0538	0000	16
		i1_LCD_print   		CODE           	073E	0000	34
		i1_LCD_clear   		CODE           	0FCC	0000	16
		_teclas        		STRING         	0548	0000	16
		i1_LCD_command 		CODE           	07E1	0000	23
		i1___lldiv     		CODE           	04D0	0000	104
		__initialization		CODE           	0013	0000	17
		i1_I2C_Master_Init		CODE           	06C3	0000	51
		i1_LCD_setCursor		CODE           	0780	0000	28
		i1_LCD_data    		CODE           	07CA	0000	23

shared estimated size: 328

C:\Program Files\Microchip\xc8\v2.46\pic\sources\c99\common\__lldiv.c
		___lldiv       		CODE           	0458	0000	120

C:\Program Files\Microchip\xc8\v2.46\pic\sources\c99\common\__lldiv.c estimated size: 120

env_esclavo.c
		_LCD_clear     		CODE           	0FDC	0000	16
		_Prepare_Keypad_Pins		CODE           	0FAB	0000	9
		_LCD_print     		CODE           	071C	0000	34
		_ISR           		CODE           	026E	0000	187
		_Send_Message_To_Master		CODE           	05D8	0000	63
		_I2C_Master_Wait		CODE           	0FBF	0000	13
		_I2C_Master_Init		CODE           	0617	0000	63
		_I2C_Master_Stop		CODE           	0FA4	0000	7
		_main          		CODE           	068D	0000	54
		_I2C_Slave_Init		CODE           	0FEC	0000	20
		_Handle_Keypress		CODE           	0027	0000	583
		_Read_Keypad   		CODE           	0329	0000	171
		_LCD_init      		CODE           	058B	0000	77
		_LCD_command   		CODE           	07B3	0000	23
		_LCD_data      		CODE           	079C	0000	23
		_I2C_Master_Write		CODE           	0FB4	0000	11
		_LCD_setCursor 		CODE           	0760	0000	32
		_Prepare_LCD_Pins		CODE           	0F99	0000	4
		_I2C_Master_Start		CODE           	0F9D	0000	7

env_esclavo.c estimated size: 1397

C:\Program Files\Microchip\xc8\v2.46\pic\sources\c99\common\Umul16.c
		___wmul        		CODE           	0656	0000	55

C:\Program Files\Microchip\xc8\v2.46\pic\sources\c99\common\Umul16.c estimated size: 55

